[    0.000000] Linux version 4.15.0-139-generic (buildd@lgw01-amd64-035) (gcc version 7.5.0 (Ubuntu 7.5.0-3ubuntu1~18.04)) #143-Ubuntu SMP Tue Mar 16 01:30:17 UTC 2021 (Ubuntu 4.15.0-139.143-generic 4.15.18)
[    0.000000] Command line: BOOT_IMAGE=/boot/vmlinuz-4.15.0-139-generic root=LABEL=cloudimg-rootfs ro console=tty1 console=ttyS0
[    0.000000] KERNEL supported cpus:
[    0.000000]   Intel GenuineIntel
[    0.000000]   AMD AuthenticAMD
[    0.000000]   Centaur CentaurHauls
[    0.000000] x86/fpu: Supporting XSAVE feature 0x001: 'x87 floating point registers'
[    0.000000] x86/fpu: Supporting XSAVE feature 0x002: 'SSE registers'
[    0.000000] x86/fpu: Supporting XSAVE feature 0x004: 'AVX registers'
[    0.000000] x86/fpu: xstate_offset[2]:  576, xstate_sizes[2]:  256
[    0.000000] x86/fpu: Enabled xstate features 0x7, context size is 832 bytes, using 'standard' format.
[    0.000000] e820: BIOS-provided physical RAM map:
[    0.000000] BIOS-e820: [mem 0x0000000000000000-0x000000000009fbff] usable
[    0.000000] BIOS-e820: [mem 0x000000000009fc00-0x000000000009ffff] reserved
[    0.000000] BIOS-e820: [mem 0x00000000000f0000-0x00000000000fffff] reserved
[    0.000000] BIOS-e820: [mem 0x0000000000100000-0x000000007ffeffff] usable
[    0.000000] BIOS-e820: [mem 0x000000007fff0000-0x000000007fffffff] ACPI data
[    0.000000] BIOS-e820: [mem 0x00000000fec00000-0x00000000fec00fff] reserved
[    0.000000] BIOS-e820: [mem 0x00000000fee00000-0x00000000fee00fff] reserved
[    0.000000] BIOS-e820: [mem 0x00000000fffc0000-0x00000000ffffffff] reserved
[    0.000000] NX (Execute Disable) protection: active
[    0.000000] SMBIOS 2.5 present.
[    0.000000] DMI: innotek GmbH VirtualBox/VirtualBox, BIOS VirtualBox 12/01/2006
[    0.000000] Hypervisor detected: KVM
[    0.000000] e820: last_pfn = 0x7fff0 max_arch_pfn = 0x400000000
[    0.000000] MTRR: Disabled
[    0.000000] x86/PAT: MTRRs disabled, skipping PAT initialization too.
[    0.000000] CPU MTRRs all blank - virtualized system.
[    0.000000] x86/PAT: Configuration [0-7]: WB  WT  UC- UC  WB  WT  UC- UC  
[    0.000000] found SMP MP-table at [mem 0x0009fff0-0x0009ffff]
[    0.000000] Scanning 1 areas for low memory corruption
[    0.000000] RAMDISK: [mem 0x35a61000-0x36d27fff]
[    0.000000] ACPI: Early table checksum verification disabled
[    0.000000] ACPI: RSDP 0x00000000000E0000 000024 (v02 VBOX  )
[    0.000000] ACPI: XSDT 0x000000007FFF0030 00003C (v01 VBOX   VBOXXSDT 00000001 ASL  00000061)
[    0.000000] ACPI: FACP 0x000000007FFF00F0 0000F4 (v04 VBOX   VBOXFACP 00000001 ASL  00000061)
[    0.000000] ACPI: DSDT 0x000000007FFF0470 002325 (v02 VBOX   VBOXBIOS 00000002 INTL 20100528)
[    0.000000] ACPI: FACS 0x000000007FFF0200 000040
[    0.000000] ACPI: FACS 0x000000007FFF0200 000040
[    0.000000] ACPI: APIC 0x000000007FFF0240 000054 (v02 VBOX   VBOXAPIC 00000001 ASL  00000061)
[    0.000000] ACPI: SSDT 0x000000007FFF02A0 0001CC (v01 VBOX   VBOXCPUT 00000002 INTL 20100528)
[    0.000000] No NUMA configuration found
[    0.000000] Faking a node at [mem 0x0000000000000000-0x000000007ffeffff]
[    0.000000] NODE_DATA(0) allocated [mem 0x7ffc5000-0x7ffeffff]
[    0.000000] kvm-clock: cpu 0, msr 0:7ff44001, primary cpu clock
[    0.000000] kvm-clock: Using msrs 4b564d01 and 4b564d00
[    0.000000] kvm-clock: using sched offset of 5880888295 cycles
[    0.000000] clocksource: kvm-clock: mask: 0xffffffffffffffff max_cycles: 0x1cd42e4dffb, max_idle_ns: 881590591483 ns
[    0.000000] Zone ranges:
[    0.000000]   DMA      [mem 0x0000000000001000-0x0000000000ffffff]
[    0.000000]   DMA32    [mem 0x0000000001000000-0x000000007ffeffff]
[    0.000000]   Normal   empty
[    0.000000]   Device   empty
[    0.000000] Movable zone start for each node
[    0.000000] Early memory node ranges
[    0.000000]   node   0: [mem 0x0000000000001000-0x000000000009efff]
[    0.000000]   node   0: [mem 0x0000000000100000-0x000000007ffeffff]
[    0.000000] Reserved but unavailable: 98 pages
[    0.000000] Initmem setup node 0 [mem 0x0000000000001000-0x000000007ffeffff]
[    0.000000] ACPI: PM-Timer IO Port: 0x4008
[    0.000000] IOAPIC[0]: apic_id 1, version 32, address 0xfec00000, GSI 0-23
[    0.000000] ACPI: INT_SRC_OVR (bus 0 bus_irq 0 global_irq 2 dfl dfl)
[    0.000000] ACPI: INT_SRC_OVR (bus 0 bus_irq 9 global_irq 9 low level)
[    0.000000] Using ACPI (MADT) for SMP configuration information
[    0.000000] smpboot: Allowing 1 CPUs, 0 hotplug CPUs
[    0.000000] PM: Registered nosave memory: [mem 0x00000000-0x00000fff]
[    0.000000] PM: Registered nosave memory: [mem 0x0009f000-0x0009ffff]
[    0.000000] PM: Registered nosave memory: [mem 0x000a0000-0x000effff]
[    0.000000] PM: Registered nosave memory: [mem 0x000f0000-0x000fffff]
[    0.000000] e820: [mem 0x80000000-0xfebfffff] available for PCI devices
[    0.000000] Booting paravirtualized kernel on KVM
[    0.000000] clocksource: refined-jiffies: mask: 0xffffffff max_cycles: 0xffffffff, max_idle_ns: 7645519600211568 ns
[    0.000000] random: get_random_bytes called from start_kernel+0x99/0x500 with crng_init=0
[    0.000000] setup_percpu: NR_CPUS:8192 nr_cpumask_bits:1 nr_cpu_ids:1 nr_node_ids:1
[    0.000000] percpu: Embedded 45 pages/cpu s147456 r8192 d28672 u2097152
[    0.000000] PV qspinlock hash table entries: 256 (order: 0, 4096 bytes)
[    0.000000] Built 1 zonelists, mobility grouping on.  Total pages: 515961
[    0.000000] Policy zone: DMA32
[    0.000000] Kernel command line: BOOT_IMAGE=/boot/vmlinuz-4.15.0-139-generic root=LABEL=cloudimg-rootfs ro console=tty1 console=ttyS0
[    0.000000] Memory: 2015388K/2096696K available (12300K kernel code, 2483K rwdata, 4276K rodata, 2440K init, 2724K bss, 81308K reserved, 0K cma-reserved)
[    0.000000] SLUB: HWalign=64, Order=0-3, MinObjects=0, CPUs=1, Nodes=1
[    0.000000] Kernel/User page tables isolation: enabled
[    0.000000] ftrace: allocating 39429 entries in 155 pages
[    0.004000] Hierarchical RCU implementation.
[    0.004000] 	RCU restricting CPUs from NR_CPUS=8192 to nr_cpu_ids=1.
[    0.004000] 	Tasks RCU enabled.
[    0.004000] RCU: Adjusting geometry for rcu_fanout_leaf=16, nr_cpu_ids=1
[    0.004000] NR_IRQS: 524544, nr_irqs: 256, preallocated irqs: 16
[    0.004000] Console: colour VGA+ 80x25
[    0.004000] console [tty1] enabled
[    0.004000] console [ttyS0] enabled
[    0.004000] ACPI: Core revision 20170831
[    0.004000] ACPI: 2 ACPI AML tables successfully acquired and loaded
[    0.004000] APIC: Switch to symmetric I/O mode setup
[    0.004000] x2apic enabled
[    0.004000] Switched APIC routing to physical x2apic.
[    0.008000] ..TIMER: vector=0x30 apic1=0 pin1=2 apic2=-1 pin2=-1
[    0.008007] tsc: Detected 2294.688 MHz processor
[    0.012030] Calibrating delay loop (skipped) preset value.. 4589.37 BogoMIPS (lpj=9178752)
[    0.015526] pid_max: default: 32768 minimum: 301
[    0.016084] Security Framework initialized
[    0.017698] Yama: becoming mindful.
[    0.020045] AppArmor: AppArmor initialized
[    0.024402] Dentry cache hash table entries: 262144 (order: 9, 2097152 bytes)
[    0.032095] Inode-cache hash table entries: 131072 (order: 8, 1048576 bytes)
[    0.034757] Mount-cache hash table entries: 4096 (order: 3, 32768 bytes)
[    0.036018] Mountpoint-cache hash table entries: 4096 (order: 3, 32768 bytes)
[    0.040782] process: using mwait in idle threads
[    0.044016] Last level iTLB entries: 4KB 64, 2MB 8, 4MB 8
[    0.046178] Last level dTLB entries: 4KB 64, 2MB 0, 4MB 0, 1GB 4
[    0.048008] Spectre V1 : Mitigation: usercopy/swapgs barriers and __user pointer sanitization
[    0.051227] Spectre V2 : Mitigation: Full generic retpoline
[    0.052004] Spectre V2 : Spectre v2 / SpectreRSB mitigation: Filling RSB on context switch
[    0.056007] Speculative Store Bypass: Vulnerable
[    0.060070] SRBDS: Unknown: Dependent on hypervisor status
[    0.062303] MDS: Mitigation: Clear CPU buffers
[    0.087615] Freeing SMP alternatives memory: 36K
[    0.201599] smpboot: CPU0: Intel(R) Core(TM) i5-5300U CPU @ 2.30GHz (family: 0x6, model: 0x3d, stepping: 0x4)
[    0.204000] Performance Events: unsupported p6 CPU model 61 no PMU driver, software events only.
[    0.204080] Hierarchical SRCU implementation.
[    0.209039] NMI watchdog: Perf event create on CPU 0 failed with -2
[    0.211540] NMI watchdog: Perf NMI watchdog permanently disabled
[    0.212132] smp: Bringing up secondary CPUs ...
[    0.213934] smp: Brought up 1 node, 1 CPU
[    0.216007] smpboot: Max logical packages: 1
[    0.218051] smpboot: Total of 1 processors activated (4589.37 BogoMIPS)
[    0.220251] devtmpfs: initialized
[    0.224205] x86/mm: Memory block size: 128MB
[    0.226648] evm: security.selinux
[    0.228007] evm: security.SMACK64
[    0.229502] evm: security.SMACK64EXEC
[    0.232008] evm: security.SMACK64TRANSMUTE
[    0.234663] evm: security.SMACK64MMAP
[    0.236007] evm: security.apparmor
[    0.237350] evm: security.ima
[    0.238569] evm: security.capability
[    0.240348] clocksource: jiffies: mask: 0xffffffff max_cycles: 0xffffffff, max_idle_ns: 7645041785100000 ns
[    0.244060] futex hash table entries: 256 (order: 2, 16384 bytes)
[    0.248090] pinctrl core: initialized pinctrl subsystem
[    0.252366] RTC time: 16:28:26, date: 06/03/22
[    0.254974] NET: Registered protocol family 16
[    0.256282] audit: initializing netlink subsys (disabled)
[    0.260336] cpuidle: using governor ladder
[    0.264015] audit: type=2000 audit(1654273714.059:1): state=initialized audit_enabled=0 res=1
[    0.268015] cpuidle: using governor menu
[    0.272192] ACPI: bus type PCI registered
[    0.274570] acpiphp: ACPI Hot Plug PCI Controller Driver version: 0.5
[    0.280013] PCI: Using configuration type 1 for base access
[    0.288276] HugeTLB registered 2.00 MiB page size, pre-allocated 0 pages
[    0.292521] ACPI: Added _OSI(Module Device)
[    0.295355] ACPI: Added _OSI(Processor Device)
[    0.296022] ACPI: Added _OSI(3.0 _SCP Extensions)
[    0.297866] ACPI: Added _OSI(Processor Aggregator Device)
[    0.300029] ACPI: Added _OSI(Linux-Dell-Video)
[    0.302131] ACPI: Added _OSI(Linux-Lenovo-NV-HDMI-Audio)
[    0.304012] ACPI: Added _OSI(Linux-HPI-Hybrid-Graphics)
[    0.308144] ACPI: Executed 1 blocks of module-level executable AML code
[    0.328000] ACPI: Interpreter enabled
[    0.328043] ACPI: (supports S0 S5)
[    0.329425] ACPI: Using IOAPIC for interrupt routing
[    0.332271] PCI: Using host bridge windows from ACPI; if necessary, use "pci=nocrs" and report a bug
[    0.336549] ACPI: Enabled 2 GPEs in block 00 to 07
[    0.369816] ACPI: PCI Root Bridge [PCI0] (domain 0000 [bus 00-ff])
[    0.372000] acpi PNP0A03:00: _OSC: OS supports [ASPM ClockPM Segments MSI]
[    0.377896] acpi PNP0A03:00: _OSC: not requesting OS control; OS requires [ExtendedConfig ASPM ClockPM MSI]
[    0.380043] acpi PNP0A03:00: fail to add MMCONFIG information, can't access extended PCI configuration space under this bridge.
[    0.385411] PCI host bridge to bus 0000:00
[    0.388009] pci_bus 0000:00: root bus resource [io  0x0000-0x0cf7 window]
[    0.390469] pci_bus 0000:00: root bus resource [io  0x0d00-0xffff window]
[    0.392018] pci_bus 0000:00: root bus resource [mem 0x000a0000-0x000bffff window]
[    0.394969] pci_bus 0000:00: root bus resource [mem 0x80000000-0xfdffffff window]
[    0.396016] pci_bus 0000:00: root bus resource [bus 00-ff]
[    0.408101] pci 0000:00:01.1: legacy IDE quirk: reg 0x10: [io  0x01f0-0x01f7]
[    0.410746] pci 0000:00:01.1: legacy IDE quirk: reg 0x14: [io  0x03f6]
[    0.412006] pci 0000:00:01.1: legacy IDE quirk: reg 0x18: [io  0x0170-0x0177]
[    0.416009] pci 0000:00:01.1: legacy IDE quirk: reg 0x1c: [io  0x0376]
[    0.465254] pci 0000:00:07.0: quirk: [io  0x4000-0x403f] claimed by PIIX4 ACPI
[    0.468009] pci 0000:00:07.0: quirk: [io  0x4100-0x410f] claimed by PIIX4 SMB
[    0.502995] ACPI: PCI Interrupt Link [LNKA] (IRQs 5 9 10 *11)
[    0.505355] ACPI: PCI Interrupt Link [LNKB] (IRQs 5 9 *10 11)
[    0.508403] ACPI: PCI Interrupt Link [LNKC] (IRQs 5 *9 10 11)
[    0.512377] ACPI: PCI Interrupt Link [LNKD] (IRQs 5 9 10 *11)
[    0.515663] SCSI subsystem initialized
[    0.516275] pci 0000:00:02.0: vgaarb: setting as boot VGA device
[    0.518844] pci 0000:00:02.0: vgaarb: VGA device added: decodes=io+mem,owns=io+mem,locks=none
[    0.520014] pci 0000:00:02.0: vgaarb: bridge control possible
[    0.524005] vgaarb: loaded
[    0.525257] ACPI: bus type USB registered
[    0.526847] usbcore: registered new interface driver usbfs
[    0.528034] usbcore: registered new interface driver hub
[    0.530163] usbcore: registered new device driver usb
[    0.532221] EDAC MC: Ver: 3.0.0
[    0.536668] PCI: Using ACPI for IRQ routing
[    0.539108] NetLabel: Initializing
[    0.540006] NetLabel:  domain hash size = 128
[    0.541749] NetLabel:  protocols = UNLABELED CIPSOv4 CALIPSO
[    0.544076] NetLabel:  unlabeled traffic allowed by default
[    0.546431] clocksource: Switched to clocksource kvm-clock
[    0.602663] VFS: Disk quotas dquot_6.6.0
[    0.604528] VFS: Dquot-cache hash table entries: 512 (order 0, 4096 bytes)
[    0.607644] AppArmor: AppArmor Filesystem Enabled
[    0.609725] pnp: PnP ACPI init
[    0.615080] pnp: PnP ACPI: found 3 devices
[    0.624694] clocksource: acpi_pm: mask: 0xffffff max_cycles: 0xffffff, max_idle_ns: 2085701024 ns
[    0.628037] NET: Registered protocol family 2
[    0.631064] TCP established hash table entries: 16384 (order: 5, 131072 bytes)
[    0.634571] TCP bind hash table entries: 16384 (order: 6, 262144 bytes)
[    0.637239] TCP: Hash tables configured (established 16384 bind 16384)
[    0.639667] UDP hash table entries: 1024 (order: 3, 32768 bytes)
[    0.642056] UDP-Lite hash table entries: 1024 (order: 3, 32768 bytes)
[    0.644507] NET: Registered protocol family 1
[    0.647107] pci 0000:00:00.0: Limiting direct PCI/PCI transfers
[    0.651692] pci 0000:00:01.0: Activating ISA DMA hang workarounds
[    0.654115] pci 0000:00:02.0: Video device with shadowed ROM at [mem 0x000c0000-0x000dffff]
[    0.657594] Unpacking initramfs...
[    1.595118] Freeing initrd memory: 19228K
[    1.599254] clocksource: tsc: mask: 0xffffffffffffffff max_cycles: 0x21139aef754, max_idle_ns: 440795211890 ns
[    1.604962] platform rtc_cmos: registered platform RTC device (no PNP device found)
[    1.609494] Scanning for low memory corruption every 60 seconds
[    1.615195] Initialise system trusted keyrings
[    1.617989] Key type blacklist registered
[    1.620166] workingset: timestamp_bits=36 max_order=19 bucket_order=0
[    1.627929] zbud: loaded
[    1.631804] squashfs: version 4.0 (2009/01/31) Phillip Lougher
[    1.635771] fuse init (API version 7.26)
[    1.640348] Key type asymmetric registered
[    1.642713] Asymmetric key parser 'x509' registered
[    1.644979] Block layer SCSI generic (bsg) driver version 0.4 loaded (major 246)
[    1.650953] io scheduler noop registered
[    1.653351] io scheduler deadline registered
[    1.655314] io scheduler cfq registered (default)
[    1.657890] ACPI: AC Adapter [AC] (on-line)
[    1.660552] input: Power Button as /devices/LNXSYSTM:00/LNXPWRBN:00/input/input0
[    1.665436] ACPI: Power Button [PWRF]
[    1.667870] input: Sleep Button as /devices/LNXSYSTM:00/LNXSLPBN:00/input/input1
[    1.671742] ACPI: Sleep Button [SLPF]
[    1.676800] Serial: 8250/16550 driver, 32 ports, IRQ sharing enabled
[    1.682388] ACPI: Battery Slot [BAT0] (battery present)
[    1.707898] 00:02: ttyS0 at I/O 0x3f8 (irq = 4, base_baud = 115200) is a 16550A
[    1.719373] Linux agpgart interface v0.103
[    1.724398] loop: module loaded
[    1.727064] scsi host0: ata_piix
[    1.729251] scsi host1: ata_piix
[    1.731808] ata1: PATA max UDMA/33 cmd 0x1f0 ctl 0x3f6 bmdma 0xd000 irq 14
[    1.734964] ata2: PATA max UDMA/33 cmd 0x170 ctl 0x376 bmdma 0xd008 irq 15
[    1.739030] libphy: Fixed MDIO Bus: probed
[    1.741302] tun: Universal TUN/TAP device driver, 1.6
[    1.743394] PPP generic driver version 2.4.2
[    1.745134] ehci_hcd: USB 2.0 'Enhanced' Host Controller (EHCI) Driver
[    1.749935] ehci-pci: EHCI PCI platform driver
[    1.752049] ehci-platform: EHCI generic platform driver
[    1.754499] ohci_hcd: USB 1.1 'Open' Host Controller (OHCI) Driver
[    1.757284] ohci-pci: OHCI PCI platform driver
[    1.759703] ohci-platform: OHCI generic platform driver
[    1.762250] uhci_hcd: USB Universal Host Controller Interface driver
[    1.766926] i8042: PNP: PS/2 Controller [PNP0303:PS2K,PNP0f03:PS2M] at 0x60,0x64 irq 1,12
[    1.772301] serio: i8042 KBD port at 0x60,0x64 irq 1
[    1.775979] serio: i8042 AUX port at 0x60,0x64 irq 12
[    1.779068] mousedev: PS/2 mouse device common for all mice
[    1.785905] input: AT Translated Set 2 keyboard as /devices/platform/i8042/serio0/input/input2
[    1.791851] rtc_cmos rtc_cmos: rtc core: registered rtc_cmos as rtc0
[    1.794808] rtc_cmos rtc_cmos: alarms up to one day, 114 bytes nvram
[    1.798698] i2c /dev entries driver
[    1.800802] device-mapper: uevent: version 1.0.3
[    1.802951] device-mapper: ioctl: 4.37.0-ioctl (2017-09-20) initialised: dm-devel@redhat.com
[    1.806978] ledtrig-cpu: registered to indicate activity on CPUs
[    1.810461] NET: Registered protocol family 10
[    1.822590] Segment Routing with IPv6
[    1.824136] NET: Registered protocol family 17
[    1.826586] Key type dns_resolver registered
[    1.829261] mce: Using 0 MCE banks
[    1.832333] RAS: Correctable Errors collector initialized.
[    1.834799] sched_clock: Marking stable (1832276794, 0)->(2426888453, -594611659)
[    1.838730] registered taskstats version 1
[    1.841099] Loading compiled-in X.509 certificates
[    1.851246] Loaded X.509 cert 'Build time autogenerated kernel key: 9b9955b80c271df2d4651fb935031a2c1666e8fa'
[    1.856265] zswap: loaded using pool lzo/zbud
[    1.867646] Key type big_key registered
[    1.870174] Key type trusted registered
[    1.875935] Key type encrypted registered
[    1.877824] AppArmor: AppArmor sha1 policy hashing enabled
[    1.881406] ima: No TPM chip found, activating TPM-bypass! (rc=-19)
[    1.884797] ima: Allocated hash algorithm: sha1
[    1.886952] evm: HMAC attrs: 0x1
[    1.889097]   Magic number: 10:846:488
[    1.890964] regulator regulator.0: hash matches
[    1.893246] rtc_cmos rtc_cmos: setting system clock to 2022-06-03 16:28:28 UTC (1654273708)
[    1.931400] BIOS EDD facility v0.16 2004-Jun-25, 0 devices found
[    1.934498] EDD information not available.
[    1.953421] Freeing unused kernel image memory: 2440K
[    1.960103] Write protecting the kernel read-only data: 20480k
[    1.966052] Freeing unused kernel image memory: 2008K
[    1.970873] Freeing unused kernel image memory: 1868K
[    2.049089] x86/mm: Checked W+X mappings: passed, no W+X pages found.
[    2.053701] x86/mm: Checking user space page tables
[    2.126094] x86/mm: Checked W+X mappings: passed, no W+X pages found.
Loading, please wait...
starting version 237
[    2.531185] e1000: Intel(R) PRO/1000 Network Driver - version 7.3.21-k8-NAPI
[    2.536901] e1000: Copyright (c) 1999-2006 Intel Corporation.
[    2.564400] Fusion MPT base driver 3.04.20
[    2.566705] Copyright (c) 1999-2008 LSI Corporation
[    2.655523] Fusion MPT SPI Host driver 3.04.20
[    2.737038] AVX2 version of gcm_enc/dec engaged.
[    2.739388] AES CTR mode by8 optimization enabled
[    2.811301] input: ImExPS/2 Generic Explorer Mouse as /devices/platform/i8042/serio1/input/input4
[    3.310966] e1000 0000:00:03.0 eth0: (PCI:33MHz:32-bit) 02:fe:a8:8b:96:c3
[    3.317416] e1000 0000:00:03.0 eth0: Intel(R) PRO/1000 Network Connection
[    3.326136] mptbase: ioc0: Initiating bringup
[    3.429999] ioc0: LSI53C1030 A0: Capabilities={Initiator}
[    3.674790] scsi host2: ioc0: LSI53C1030 A0, FwRev=00000000h, Ports=1, MaxQ=256, IRQ=20
[    3.848604] scsi 2:0:0:0: Direct-Access     VBOX     HARDDISK         1.0  PQ: 0 ANSI: 5
[    3.856399] scsi target2:0:0: Beginning Domain Validation
[    3.862199] random: fast init done
[    3.865657] scsi target2:0:0: Domain Validation skipping write tests
[    3.869426] scsi target2:0:0: Ending Domain Validation
[    3.872306] scsi target2:0:0: asynchronous
[    3.875682] scsi 2:0:1:0: Direct-Access     VBOX     HARDDISK         1.0  PQ: 0 ANSI: 5
[    3.883105] scsi target2:0:1: Beginning Domain Validation
[    3.887728] scsi target2:0:1: Domain Validation skipping write tests
[    3.891443] scsi target2:0:1: Ending Domain Validation
[    3.894972] scsi target2:0:1: asynchronous
[    4.008053] sd 2:0:0:0: [sda] 83886080 512-byte logical blocks: (42.9 GB/40.0 GiB)
[    4.015340] sd 2:0:0:0: Attached scsi generic sg0 type 0
[    4.018637] random: systemd-udevd: uninitialized urandom read (16 bytes read)
[    4.023559] sd 2:0:1:0: [sdb] 20480 512-byte logical blocks: (10.5 MB/10.0 MiB)
[    4.027662] sd 2:0:1:0: Attached scsi generic sg1 type 0
[    4.031733] sd 2:0:0:0: [sda] Write Protect is off
[    4.034137] sd 2:0:1:0: [sdb] Write Protect is off
[    4.042811] sd 2:0:1:0: [sdb] Incomplete mode parameter data
[    4.046925] sd 2:0:1:0: [sdb] Assuming drive cache: write through
[    4.051035] sd 2:0:0:0: [sda] Incomplete mode parameter data
[    4.054385] sd 2:0:0:0: [sda] Assuming drive cache: write through
[    4.057884] random: systemd-udevd: uninitialized urandom read (16 bytes read)
[    4.073275] random: systemd-udevd: uninitialized urandom read (16 bytes read)
[    4.077037]  sda: sda1
[    4.089656] sd 2:0:1:0: [sdb] Attached SCSI disk
[    4.093072] sd 2:0:0:0: [sda] Attached SCSI disk
[    4.554482] e1000 0000:00:08.0 eth1: (PCI:33MHz:32-bit) 08:00:27:33:b0:cd
[    4.561681] e1000 0000:00:08.0 eth1: Intel(R) PRO/1000 Network Connection
[    4.569702] e1000 0000:00:08.0 enp0s8: renamed from eth1
[    4.585210] e1000 0000:00:03.0 enp0s3: renamed from eth0
Begin: Loading essential drivers ... [    6.940059] raid6: sse2x1   gen()  2061 MB/s
[    6.988498] raid6: sse2x1   xor()  1269 MB/s
[    7.036336] raid6: sse2x2   gen()  2893 MB/s
[    7.084207] raid6: sse2x2   xor()  1237 MB/s
[    7.132166] raid6: sse2x4   gen()  3898 MB/s
[    7.180309] raid6: sse2x4   xor()  2188 MB/s
[    7.228275] raid6: avx2x1   gen()  3423 MB/s
[    7.276894] raid6: avx2x1   xor()  2427 MB/s
[    7.328140] raid6: avx2x2   gen()  7790 MB/s
[    7.376057] raid6: avx2x2   xor()  4294 MB/s
[    7.424061] raid6: avx2x4   gen() 10227 MB/s
[    7.472566] raid6: avx2x4   xor()  6081 MB/s
[    7.474605] raid6: using algorithm avx2x4 gen() 10227 MB/s
[    7.479142] raid6: .... xor() 6081 MB/s, rmw enabled
[    7.481573] raid6: using avx2x2 recovery algorithm
[    7.486861] xor: automatically using best checksumming function   avx       
[    7.493047] async_tx: api initialized (async)
done.
Begin: Running /scripts/init-premount ... done.
Begin: Mounting root file system ... Begin: Running /scripts/local-top ... done.
Begin: Running /scripts/local-premount ... [    7.650824] Btrfs loaded, crc32c=crc32c-intel
Scanning for Btrfs filesystems
done.
Warning: fsck not present, so skipping root file system
[    7.725048] EXT4-fs (sda1): mounted filesystem with ordered data mode. Opts: (null)
done.
Begin: Running /scripts/local-bottom ... done.
Begin: Running /scripts/init-bottom ... done.
[    8.048450] ip_tables: (C) 2000-2006 Netfilter Core Team
[    8.070910] systemd[1]: systemd 237 running in system mode. (+PAM +AUDIT +SELINUX +IMA +APPARMOR +SMACK +SYSVINIT +UTMP +LIBCRYPTSETUP +GCRYPT +GNUTLS +ACL +XZ +LZ4 +SECCOMP +BLKID +ELFUTILS +KMOD -IDN2 +IDN -PCRE2 default-hierarchy=hybrid)
[    8.084410] systemd[1]: Detected virtualization oracle.
[    8.086847] systemd[1]: Detected architecture x86-64.

Welcome to [1mUbuntu 18.04.5 LTS[0m!

[    8.096869] systemd[1]: Set hostname to <ubuntu>.
[    8.103012] systemd[1]: Initializing machine ID from random generator.
[    8.106192] systemd[1]: Installed transient /etc/machine-id file.
[    8.906927] systemd[1]: Set up automount Arbitrary Executable File Formats File System Automount Point.
[[0;32m  OK  [0m] Set up automount Arbitrary Executabâ€¦rmats File System Automount Point.
[    8.927881] systemd[1]: Started Forward Password Requests to Wall Directory Watch.
[[0;32m  OK  [0m] Started Forward Password Requests to Wall Directory Watch.
[    8.934744] systemd[1]: Reached target Swap.
[[0;32m  OK  [0m] Reached target Swap.
[    8.941259] systemd[1]: Created slice System Slice.
[[0;32m  OK  [0m] Created slice System Slice.
[[0;32m  OK  [0m] Created slice system-serial\x2dgetty.slice.
[[0;32m  OK  [0m] Listening on Device-mapper event daemon FIFOs.
[[0;32m  OK  [0m] Listening on Syslog Socket.
[[0;32m  OK  [0m] Listening on Journal Socket (/dev/log).
[[0;32m  OK  [0m] Listening on LVM2 metadata daemon socket.
[[0;32m  OK  [0m] Listening on Journal Audit Socket.
[[0;32m  OK  [0m] Listening on Network Service Netlink Socket.
[[0;32m  OK  [0m] Reached target User and Group Name Lookups.
[[0;32m  OK  [0m] Listening on LVM2 poll daemon socket.
[[0;32m  OK  [0m] Listening on Journal Socket.
         Starting Load Kernel Modules...
         Mounting Kernel Debug File System...
         Starting Journal Service...
         Starting Create list of required stâ€¦ce nodes for the current kernel...
         Mounting POSIX Message Queue File System...
         Starting Set the console keyboard layout...
[[0;32m  OK  [0m] Reached target System Time Synchronized.
         Starting Uncomplicated firewall...
[[0;32m  OK  [0m] Created slice User and Session Slice.
[[0;32m  OK  [0m] Reached target Slices.
[    9.171025] Loading iSCSI transport class v2.0-870.
         Starting Monitoring of LVM2 mirrorsâ€¦ng dmeventd or progress polling...
[[0;32m  OK  [0m] Listening on /dev/initctl Compatibility Named Pipe.
[[0;32m  OK  [0m] Listening on fsck to fsckd communication Socket.
         Starting File System Check on Root Device...
[[0;32m  OK  [0m] Listening on udev Control Socket.
         Mounting Huge Pages File System...
[[0;32m  OK  [0m] Listening on udev Kernel Socket.
[    9.262330] random: crng init done
[    9.264505] random: 7 urandom warning(s) missed due to ratelimiting
         Starting udev Coldplug all Devices...
[[0;32m  OK  [0m] Mounted Kernel Debug File System.
[[0;32m  OK  [0m] Started Create list of required staâ€¦vice nodes for the current kernel.
[[0;32m  OK  [0m] Mounted POSIX Message Queue File System.
[[0;32m  OK  [0m] Started Uncomplicated firewall.
[[0;32m  OK  [0m] Mounted Huge Pages File System.
[[0;32m  OK  [0m] Started File System Check Daemon to report status.
         Starting Create Static Device Nodes in /dev...
[    9.389869] iscsi: registered transport (tcp)
[[0;32m  OK  [0m] Started Create Static Device Nodes in /dev.
[[0;32m  OK  [0m] Started File System Check on Root Device.
[[0;32m  OK  [0m] Started LVM2 metadata daemon.
         Starting Remount Root and Kernel File Systems...
[[0;32m  OK  [0m] Started Monitoring of LVM2 mirrors,â€¦sing dmeventd or progress polling.
[    9.812764] EXT4-fs (sda1): re-mounted. Opts: (null)
[    9.828701] iscsi: registered transport (iser)
[[0;32m  OK  [0m] Started Remount Root and Kernel File Systems.
         Starting Load/Save Random Seed...
         Starting udev Kernel Device Manager...
[[0;32m  OK  [0m] Started Load Kernel Modules.
         Mounting Kernel Configuration File System...
         Mounting FUSE Control File System...
         Starting Apply Kernel Variables...
[[0;32m  OK  [0m] Mounted Kernel Configuration File System.
[[0;32m  OK  [0m] Mounted FUSE Control File System.
[[0;32m  OK  [0m] Started Load/Save Random Seed.
[[0;32m  OK  [0m] Started udev Kernel Device Manager.
[[0;32m  OK  [0m] Started Apply Kernel Variables.
[[0;32m  OK  [0m] Started Journal Service.
         Starting Flush Journal to Persistent Storage...
[[0;32m  OK  [0m] Started Flush Journal to Persistent Storage.
[[0;32m  OK  [0m] Started udev Coldplug all Devices.
[[0;32m  OK  [0m] Started Set the console keyboard layout.
[[0;32m  OK  [0m] Started Dispatch Password Requests to Console Directory Watch.
[[0;32m  OK  [0m] Reached target Local Encrypted Volumes.
[[0;32m  OK  [0m] Reached target Local File Systems (Pre).
[[0;32m  OK  [0m] Reached target Local File Systems.
         Starting Commit a transient machine-id on disk...
         Starting Create Volatile Files and Directories...
         Starting AppArmor initialization...
         Starting Tell Plymouth To Write Out Runtime Data...
         Starting Set console font and keymap...
         Starting ebtables ruleset management...
[[0;32m  OK  [0m] Started Tell Plymouth To Write Out Runtime Data.
[[0;32m  OK  [0m] Started Set console font and keymap.
[[0;32m  OK  [0m] Started Commit a transient machine-id on disk.
[[0;32m  OK  [0m] Started Create Volatile Files and Directories.
         Starting Update UTMP about System Boot/Shutdown...
[[0;32m  OK  [0m] Started Update UTMP about System Boot/Shutdown.
[[0;32m  OK  [0m] Started ebtables ruleset management.
[[0;32m  OK  [0m] Found device /dev/ttyS0.
[[0;32m  OK  [0m] Listening on Load/Save RF Kill Switch Status /dev/rfkill Watch.
[[0;32m  OK  [0m] Started AppArmor initialization.
         Starting Load AppArmor profiles managed internally by snapd...
         Starting Initial cloud-init job (pre-networking)...
[[0;32m  OK  [0m] Started Load AppArmor profiles managed internally by snapd.
[   21.931802] cloud-init[557]: Cloud-init v. 20.4.1-0ubuntu1~18.04.1 running 'init-local' at Fri, 03 Jun 2022 16:28:47 +0000. Up 20.90 seconds.
[[0;32m  OK  [0m] Started Initial cloud-init job (pre-networking).
[[0;32m  OK  [0m] Reached target Network (Pre).
         Starting Network Service...
[[0;32m  OK  [0m] Started Network Service.
         Starting Network Name Resolution...
         Starting Wait for Network to be Configured...
[[0;32m  OK  [0m] Started Network Name Resolution.
[[0;32m  OK  [0m] Reached target Network.
[[0;32m  OK  [0m] Reached target Host and Network Name Lookups.
[[0;32m  OK  [0m] Started Wait for Network to be Configured.
         Starting Initial cloud-init job (metadata service crawler)...
[   25.772822] cloud-init[647]: Cloud-init v. 20.4.1-0ubuntu1~18.04.1 running 'init' at Fri, 03 Jun 2022 16:28:51 +0000. Up 25.21 seconds.
[   25.782955] cloud-init[647]: ci-info: +++++++++++++++++++++++++++++++++++++Net device info++++++++++++++++++++++++++++++++++++++
[   25.796982] cloud-init[647]: ci-info: +--------+-------+----------------------------+-------------+--------+-------------------+
[   25.801158] cloud-init[647]: ci-info: | Device |   Up  |          Address           |     Mask    | Scope  |     Hw-Address    |
[   25.805157] cloud-init[647]: ci-info: +--------+-------+----------------------------+-------------+--------+-------------------+
[   25.811084] cloud-init[647]: ci-info: | enp0s3 |  True |        192.168.0.15        | 255.255.0.0 | global | 02:fe:a8:8b:96:c3 |
[   25.818288] cloud-init[647]: ci-info: | enp0s3 |  True | fe80::fe:a8ff:fe8b:96c3/64 |      .      |  link  | 02:fe:a8:8b:96:c3 |
[   25.829177] cloud-init[647]: ci-info: | enp0s8 | False |             .              |      .      |   .    | 08:00:27:33:b0:cd |
[   25.838773] cloud-init[647]: ci-info: |   lo   |  True |         127.0.0.1          |  255.0.0.0  |  host  |         .         |
[   25.846844] cloud-init[647]: ci-info: |   lo   |  True |          ::1/128           |      .      |  host  |         .         |
[   25.860432] cloud-init[647]: ci-info: +--------+-------+----------------------------+-------------+--------+-------------------+
[   25.866120] cloud-init[647]: ci-info: ++++++++++++++++++++++++++++++Route IPv4 info++++++++++++++++++++++++++++++
[   25.874372] cloud-init[647]: ci-info: +-------+-------------+-------------+-----------------+-----------+-------+
[   25.880911] cloud-init[647]: ci-info: | Route | Destination |   Gateway   |     Genmask     | Interface | Flags |
[   25.892273] cloud-init[647]: ci-info: +-------+-------------+-------------+-----------------+-----------+-------+
[   25.904405] cloud-init[647]: ci-info: |   0   |   0.0.0.0   | 192.168.0.2 |     0.0.0.0     |   enp0s3  |   UG  |
[   25.924660] cloud-init[647]: ci-info: |   1   | 192.168.0.0 |   0.0.0.0   |   255.255.0.0   |   enp0s3  |   U   |
[   25.930562] cloud-init[647]: ci-info: |   2   | 192.168.0.2 |   0.0.0.0   | 255.255.255.255 |   enp0s3  |   UH  |
[   25.940184] cloud-init[647]: ci-info: +-------+-------------+-------------+-----------------+-----------+-------+
[   25.948410] cloud-init[647]: ci-info: +++++++++++++++++++Route IPv6 info+++++++++++++++++++
[   25.957145] cloud-init[647]: ci-info: +-------+-------------+---------+-----------+-------+
[   25.964589] cloud-init[647]: ci-info: | Route | Destination | Gateway | Interface | Flags |
[   25.972636] cloud-init[647]: ci-info: +-------+-------------+---------+-----------+-------+
[   25.976431] cloud-init[647]: ci-info: |   1   |  fe80::/64  |    ::   |   enp0s3  |   U   |
[   25.982094] cloud-init[647]: ci-info: |   3   |    local    |    ::   |   enp0s3  |   U   |
[   25.988795] cloud-init[647]: ci-info: |   4   |   ff00::/8  |    ::   |   enp0s3  |   U   |
[   25.994885] cloud-init[647]: ci-info: +-------+-------------+---------+-----------+-------+
[   27.330051] cloud-init[647]: Generating public/private rsa key pair.
[   27.336370] cloud-init[647]: Your identification has been saved in /etc/ssh/ssh_host_rsa_key.
[   27.339433] cloud-init[647]: Your public key has been saved in /etc/ssh/ssh_host_rsa_key.pub.
[   27.348830] cloud-init[647]: The key fingerprint is:
[   27.363508] cloud-init[647]: SHA256:wYVtROkZxlBj949To8PP/FhZScnuN+cXKbbqkEfBNqk root@ubuntu-bionic
[   27.368956] cloud-init[647]: The key's randomart image is:
[   27.372411] cloud-init[647]: +---[RSA 2048]----+
[   27.374559] cloud-init[647]: |        .OB..    |
[   27.380598] cloud-init[647]: |       ..oOo... .|
[   27.384480] cloud-init[647]: |        o+ O  .=.|
[   27.392735] cloud-init[647]: |         .= + ++o|
[   27.394929] cloud-init[647]: |        SE . +oo+|
[   27.400831] cloud-init[647]: |          o  o*+o|
[   27.404423] cloud-init[647]: |         o .. oB=|
[   27.408356] cloud-init[647]: |          o  . +*|
[   27.416788] cloud-init[647]: |          .o. . +|
[   27.424625] cloud-init[647]: +----[SHA256]-----+
[   27.426938] cloud-init[647]: Generating public/private dsa key pair.
[   27.434947] cloud-init[647]: Your identification has been saved in /etc/ssh/ssh_host_dsa_key.
[   27.444648] cloud-init[647]: Your public key has been saved in /etc/ssh/ssh_host_dsa_key.pub.
[   27.447777] cloud-init[647]: The key fingerprint is:
[   27.452526] cloud-init[647]: SHA256:FS2LbhexRU1sZ7Ppkm25/xMTQn+jA+mNt4sjM4Lhgjk root@ubuntu-bionic
[   27.460384] cloud-init[647]: The key's randomart image is:
[   27.464298] cloud-init[647]: +---[DSA 1024]----+
[   27.468433] cloud-init[647]: |          .o.+.  |
[   27.472583] cloud-init[647]: |          o.o.+.o|
[   27.480635] cloud-init[647]: |         ..*o..o+|
[   27.482355] cloud-init[647]: |        ..+o . *.|
[   27.489151] cloud-init[647]: |       .S ..+ * =|
[   27.491291] cloud-init[647]: |     .  o .o B B |
[   27.497315] cloud-init[647]: |  o . o. .  . = +|
[   27.499644] cloud-init[647]: | E . o . + ... o |
[   27.505603] cloud-init[647]: |  . .   . +.... *|
[   27.512551] cloud-init[647]: +----[SHA256]-----+
[   27.514805] cloud-init[647]: Generating public/private ecdsa key pair.
[   27.524892] cloud-init[647]: Your identification has been saved in /etc/ssh/ssh_host_ecdsa_key.
[   27.528124] cloud-init[647]: Your public key has been saved in /etc/ssh/ssh_host_ecdsa_key.pub.
[   27.537162] cloud-init[647]: The key fingerprint is:
[   27.539817] cloud-init[647]: SHA256:SV5i0Fg2aHn4w+9tZyB/8HaVezt12g4Y0jU5pg7F7n0 root@ubuntu-bionic
[   27.548363] cloud-init[647]: The key's randomart image is:
[   27.556752] cloud-init[647]: +---[ECDSA 256]---+
[   27.558304] cloud-init[647]: |      .B+        |
[   27.564617] cloud-init[647]: |      *oo. .   . |
[   27.567556] cloud-init[647]: |     . ++ . o *  |
[   27.573919] cloud-init[647]: |       +++ + + o |
[   27.576715] cloud-init[647]: |        Soo =   .|
[   27.584565] cloud-init[647]: |          o=o+ .+|
[   27.587193] cloud-init[647]: |         . +++ooE|
[   27.595219] cloud-init[647]: |          . + B=+|
[   27.597506] cloud-init[647]: |           . = +=|
[[0;32m  OK  [0m[   27.604445] cloud-init[647]: +----[SHA256]-----+
[   27.606671] cloud-init[647]: Generating public/private ed25519 key pair.] Started Initial cloud-init job (metadata service crawler).
[[0;32m  OK  [0m] Reached target System Initialization.
[[0;32m  OK  [0m] Listening on ACPID Listen Socket.
[[0;32m  OK  [0m] Listening on UUID daemon activation socket.
[[0;32m  OK  [0m
[   27.628712] cloud-init[647]: Your identification has been saved in /etc/ssh/ssh_host_ed25519_key.] Listening on Open-iSCSI iscsid Socket.

[[0;32m  OK  [0m] Started ACPI Events Check.
[[0;32m  OK  [0m] Reached target Paths.
[[0;32m  OK  [0m] Listening on D-Bus System Message Bus Socket.[   27.645155] cloud-init[647]: Your public key has been saved in /etc/ssh/ssh_host_ed25519_key.pub.
[   27.647741] 
[[0;32m  OK  [0m] Started Daily Cleanup of Temporary Directories.
[[0;32m  OK  [0m] Started Message of the Day.
[[0;32m  OK  [0m] Started Daily apt download activities.cloud-init[647]: The key fingerprint is:
[   27.663213] cloud-init
[[0;32m  OK  [0m] Started Daily apt upgrade and clean activities.
[647]: SHA256:C3TSRp2S4iN13mD3gOwLzJs0GLM96sgqvK9VJYR2MTQ root@ubuntu-bionic         Starting LXD - unix socket.
[   27.678810] cloud-init[647]: The key's randomart image is:
         
[   27.688680] cloud-init[647]: +--[ED25519 256]--+
[   27.691014] cloud-init[647]: |    oE...+ .     |Starting Socket activation for snappy daemon.
[[0;32m  OK  [0m] Started Discard unused blocks once a week.
[[0;32m  OK  [0m] Reached target Timers.
[[0;32m  OK  [0m] Reached target Network is Online.

[   27.712751] cloud-init[647]: |   o+.=oO =      |
         Starting Availability of block devices...[   27.722819] cloud-init[647]: |  . .%oB+= o     |
[[0;32m  OK  [0m] Reached target Remote File Systems (Pre).
[[0;32m  OK  [0m] Reached target Remote File Systems.
[[0;32m  OK  [0m] Reached target Cloud-config availability.
[[0;32m  OK  [0m] 
[   27.740851] cloud-init[647]: |    +.&+o . .    |
[   27.743015] cloud-init[647]: Listening on LXD - unix socket.
[[0;32m  OK  [0m] Listening on Socket activation for snappy daemon.
|     =.BS.       |
[[0;32m  OK  [0m[   27.756698] cloud-init[647]: |    o o...       |
[   27.758651] cloud-init[647]: ] Started Availability of block devices.
[[0;32m  OK  [0m] Reached target Sockets.
[[0;32m  OK  [0m] Reached target Basic System.
|.. +    .        |
[   27.777780] cloud-init[647]: |..+ .            |         Starting Dispatcher daemon for systemd-networkd...

[[0;32m  OK  [0m] Started Regular background program processing daemon.
         Starting Pollinate to seed the pseudo random number generator...
[   27.827995] [[0;32m  OK  [0m] Started FUSE filesystem for LXC.
cloud-init[647]: |o++.             |         Starting LSB: automatic crash report generation...
         Starting LSB: Record successful boot for GRUB...
[   27.885799] cloud-init[647]: 
[[0;32m  OK  [0m] Started D-Bus System Message Bus.
+----[SHA256]-----+
[[0;32m  OK  [0m] Started Deferred execution scheduler.
         Starting System Logging Service...
         Starting Login Service...
         Starting Virtualbox guest utils...
         Starting Accounts Service...
[[0;32m  OK  [0m] Started irqbalance daemon.
         Starting Permit User Sessions...
         Starting LXD - container startup/shutdown...
         Starting Snap Daemon...
[[0;32m  OK  [0m] Started Permit User Sessions.
         Starting Terminate Plymouth Boot Screen...
         Starting Hold until boot process finishes up...
[[0;32m  OK  [0m] Started Hold until boot process finishes up.
[[0;32m  OK  [0m] Started System Logging Service.
[[0;32m  OK  [0m] Started Serial Getty on ttyS0.
         Starting Set console scheme...
[[0;32m  OK  [0m] Started Terminate Plymouth Boot Screen.
[[0;32m  OK  [0m] Started Set console scheme.
[[0;32m  OK  [0m] Created slice system-getty.slice.
[[0;32m  OK  [0m] Started Getty on tty1.
[[0;32m  OK  [0m] Reached target Login Prompts.
[[0;32m  OK  [0m] Started Login Service.
[[0;32m  OK  [0m] Started Unattended Upgrades Shutdown.
         Starting Authorization Manager...
[[0;32m  OK  [0m] Started LSB: automatic crash report generation.
[[0;32m  OK  [0m] Started Authorization Manager.
[[0;32m  OK  [0m] Started Accounts Service.
[[0;32m  OK  [0m] Started LSB: Record successful boot for GRUB.
[[0;32m  OK  [0m] Started LXD - container startup/shutdown.
[[0;32m  OK  [0m] Started Virtualbox guest utils.
[[0;32m  OK  [0m] Started Dispatcher daemon for systemd-networkd.
[[0;32m  OK  [0m] Started Snap Daemon.
         Starting Wait until snapd is fully seeded...
[[0;32m  OK  [0m] Started Wait until snapd is fully seeded.
         Starting Apply the settings specified in cloud-config...

Ubuntu 18.04.5 LTS ubuntu-bionic ttyS0

ubuntu-bionic login: [   35.860212] cloud-init[910]: Cloud-init v. 20.4.1-0ubuntu1~18.04.1 running 'modules:config' at Fri, 03 Jun 2022 16:29:00 +0000. Up 33.98 seconds.
ci-info: no authorized SSH keys fingerprints found for user ubuntu.
<14>Jun  3 16:29:06 ec2: 
<14>Jun  3 16:29:06 ec2: #############################################################
<14>Jun  3 16:29:06 ec2: -----BEGIN SSH HOST KEY FINGERPRINTS-----
<14>Jun  3 16:29:06 ec2: 1024 SHA256:FS2LbhexRU1sZ7Ppkm25/xMTQn+jA+mNt4sjM4Lhgjk root@ubuntu-bionic (DSA)
<14>Jun  3 16:29:06 ec2: 256 SHA256:SV5i0Fg2aHn4w+9tZyB/8HaVezt12g4Y0jU5pg7F7n0 root@ubuntu-bionic (ECDSA)
<14>Jun  3 16:29:06 ec2: 256 SHA256:C3TSRp2S4iN13mD3gOwLzJs0GLM96sgqvK9VJYR2MTQ root@ubuntu-bionic (ED25519)
<14>Jun  3 16:29:06 ec2: 2048 SHA256:wYVtROkZxlBj949To8PP/FhZScnuN+cXKbbqkEfBNqk root@ubuntu-bionic (RSA)
<14>Jun  3 16:29:06 ec2: -----END SSH HOST KEY FINGERPRINTS-----
<14>Jun  3 16:29:06 ec2: #############################################################
-----BEGIN SSH HOST KEY KEYS-----
ecdsa-sha2-nistp256 AAAAE2VjZHNhLXNoYTItbmlzdHAyNTYAAAAIbmlzdHAyNTYAAABBBJDgRNGYHZWGFp4/NVbF2bVd4O7lNW9hHV6xC63z1Qpe+Lx0EF28wbUBZlheA1ILw8wlOEFLbv/q88WAJaOHq2U= root@ubuntu-bionic
ssh-ed25519 AAAAC3NzaC1lZDI1NTE5AAAAIP+UwCnA0LLBT0dVPne5S0e8nZcvdVUHr/t+GoO08G/7 root@ubuntu-bionic
ssh-rsa AAAAB3NzaC1yc2EAAAADAQABAAABAQDV4sfwcr5KUd8rP8YL6GBdeXPX/+228lV/oP56r1bbOAB6pzV+EGVyvOCrUpMZWzFOaAa8VUG+Xso/WS5jO1scQh5Pd/qTmYYlYmYB2PNZWmwb44ivoXOwefAQwaFkp9Ta7TF4rRyk9txQwjwJB69y07Rg2L8hQlHPYmth2PSNkTvuKCQVbBt1DiDc2dMFQTAsD6TUP/V/pbW6KWoaFZv0YgZwK4MjlXZBHf2zCyhRzYh+XeC/RAQl9NS4qRN708cLW0fMSghFU22UZ1ke4WIKJVlYdNoxkeO+nQ/OmFxQBjZ6GzkcEUsucAbZ0ZzQzrqkgIvjNWwGevqmChfHcu3j root@ubuntu-bionic
-----END SSH HOST KEY KEYS-----
[   39.902660] cloud-init[1018]: Cloud-init v. 20.4.1-0ubuntu1~18.04.1 running 'modules:final' at Fri, 03 Jun 2022 16:29:05 +0000. Up 38.86 seconds.
[   39.921169] cloud-init[1018]: ci-info: no authorized SSH keys fingerprints found for user ubuntu.
[   39.932308] cloud-init[1018]: Cloud-init v. 20.4.1-0ubuntu1~18.04.1 finished at Fri, 03 Jun 2022 16:29:06 +0000. Datasource DataSourceNoCloud [seed=/dev/sdb][dsmode=net].  Up 39.85 seconds
